[migtech.vn/index.html]
[migtech.vn/favicon/apple-touch-icon.png]
[migtech.vn/favicon/favicon-32x32.png]
[migtech.vn/favicon/favicon-16x16.png]
[migtech.vn/favicon/site.webmanifest]
[migtech.vn/favicon/safari-pinned-tab.svg]
[cdnjs.cloudflare.com/ajax/libs/font-awesome/6.5.2/css/all.min.css]
[migtech.vn/fonts/font opensans/stylesheet.css]
[migtech.vn/fonts/popin-viethoa/stylesheet.css]
[migtech.vn/fonts/IBM_plex_sans/stylesheet.css]
[backblue.gif]
[fade.gif]
[index.html]
[migtech.vn/css/main.css]
[migtech.vn/uploads/images/logos/b3af1ded-48ca-497b-9b37-c8a1dcc3ab92-logo-migtech.vn-02.png]
[migtech.vn/gioi-thieu.html]
[migtech.vn/du-an.html]
[migtech.vn/tin-tuc/tat-ca-bai-viet.html]
[migtech.vn/lien-he.html]
[migtech.vn/images/subnav/anh-bao-tri.jpg]
[migtech.vn/dich-vu/sua-chua-thiet-bi.html]
[migtech.vn/images/subnav/bao-tri-thiet-bi.jpg]
[migtech.vn/dich-vu/thiet-ke-theo-yeu-cau.html]
[migtech.vn/images/subnav/thiet-ke-theo-yeu-cau.jpg]
[migtech.vn/dich-vu/cung-ung-thiet-bi.html]
[migtech.vn/images/subnav/anh-nhap-khau-thiet-bi.jpg]
[migtech.vn/login.html]
[migtech.vn/tin-tuc/thi-cong-bao-tri-led.html]
[migtech.vn/tin-tuc/sua-chua-thiet-bi.html]
[migtech.vn/tin-tuc/thiet-ke-theo-yeu-cau.html]
[migtech.vn/tin-tuc/nhap-khau-thiet-bi.html]
[migtech.vn/script/shop/navbar-script.js]
[migtech.vn/uploads/images/banners/77afc605-ab62-4e36-ae62-fa76ae37bde1-cong-ty-migtech.jpg]
[migtech.vn/uploads/images/banners/1808ee3b-2f71-4b72-b6b3-fa52a44f08cf-anh-thi-cong-den-toa-nha-landmark-81.jpg]
[migtech.vn/uploads/images/banners/0dcf5f6f-7c1a-4333-beb9-0d6bca051f6d-sua-chua-thiet-bi-iden-dien-tu-theo-yeu-cau.jpg]
[migtech.vn/uploads/images/banners/1869b183-3c1d-4c97-b684-50f3fdc42d88-thiet-ke-thiet-bi-dien-dien-tu-theo-yeu-cau.jpg]
[migtech.vn/script/shop/banner-script.js]
[migtech.vn/images/icon/logo-led-01.png]
[migtech.vn/images/plans/logo-sua-chua-mach-dien.png]
[migtech.vn/images/plans/icon-design.png]
[migtech.vn/images/plans/icon-import.png]
[migtech.vn/images/lankmark/anh-thi-cong-landmark-81-migtech.vn.jpg]
[migtech.vn/images/lankmark/anh-thi-cong-toa-nha-landmark.jpg]
[migtech.vn/images/lankmark/anh-thi-cong-toa-nha-lanmark-81-2.jpg]
[migtech.vn/images/lankmark/anh-thi-cong-toa-nha-landmark-81-3.jpg]
[migtech.vn/images/test/thiet-bi-kiem-tra-binh-xe-may-02.jpg]
[migtech.vn/images/test/tester-binh-acquy-xe-hoi.jpg]
[migtech.vn/images/test/thiet-bi-kiem-tra-binh-xe-may-03.jpg]
[migtech.vn/images/test/thiet-bi-kiem-tra-binh-xe-may-04.jpg]
[www.youtube.com/embed/iMHsJOcaCrs.html]
[migtech.vn/images/branch/logo-gs-png.png]
[www.youtube.com/embed/Qi-twft5vnY.html]
[migtech.vn/images/branch/logo-vinpearl-hotel.png]
[migtech.vn/images/branch/logo-vinhomes.png]
[migtech.vn/script/shop/home.js]
[migtech.vn/chinh-sach.html]
[www.facebook.com/plugins/pagee236.html]
[id.zalo.me/account/login39e4.html]
[migtech.vn/images/icon/Icon_of_Zalo.png]
[migtech.vn/images/icon/call-image.png]
[migtech.vn/index.html]
[migtech.vn/favicon/safari-pinned-tab.svg]
[cdnjs.cloudflare.com/ajax/libs/font-awesome/6.5.2/css/all.min.css]
[www.facebook.com/migtech.vn/index.html]
[migtech.vn/fonts/font opensans/OpenSansCondensed-BoldItalic.woff2]
[migtech.vn/fonts/font opensans/OpenSansCondensed-BoldItalic.woff]
[migtech.vn/fonts/font opensans/OpenSansCondensed-ExtraBold.woff2]
[migtech.vn/fonts/font opensans/OpenSansCondensed-ExtraBold.woff]
[migtech.vn/fonts/font opensans/OpenSansCondensed-Bold.woff2]
[migtech.vn/fonts/font opensans/OpenSansCondensed-Bold.woff]
[migtech.vn/fonts/font opensans/OpenSansCondensed-ExtraBoldItalic.woff2]
[migtech.vn/fonts/font opensans/OpenSansCondensed-ExtraBoldItalic.woff]
[migtech.vn/fonts/font opensans/OpenSansCondensed-Italic.woff2]
[migtech.vn/fonts/font opensans/OpenSansCondensed-Italic.woff]
[migtech.vn/fonts/font opensans/OpenSansCondensed-Light.woff2]
[migtech.vn/fonts/font opensans/OpenSansCondensed-Light.woff]
[migtech.vn/fonts/font opensans/OpenSansCondensed-LightItalic.woff2]
[migtech.vn/fonts/font opensans/OpenSansCondensed-LightItalic.woff]
[migtech.vn/fonts/font opensans/OpenSansCondensed-Medium.woff2]
[migtech.vn/fonts/font opensans/OpenSansCondensed-Medium.woff]
[migtech.vn/fonts/font opensans/OpenSansCondensed-Regular.woff2]
[migtech.vn/fonts/font opensans/OpenSansCondensed-Regular.woff]
[migtech.vn/fonts/font opensans/OpenSansCondensed-MediumItalic.woff2]
[migtech.vn/fonts/font opensans/OpenSansCondensed-MediumItalic.woff]
[migtech.vn/fonts/font opensans/OpenSansCondensed-SemiBold.woff2]
[migtech.vn/fonts/font opensans/OpenSansCondensed-SemiBold.woff]
[migtech.vn/fonts/font opensans/OpenSansCondensed-SemiBoldItalic.woff2]
[migtech.vn/fonts/font opensans/OpenSansCondensed-SemiBoldItalic.woff]
[migtech.vn/fonts/font opensans/OpenSansSemiCondensed-Bold.woff2]
[migtech.vn/fonts/font opensans/OpenSansSemiCondensed-Bold.woff]
[migtech.vn/fonts/font opensans/OpenSansSemiCondensed-BoldItalic.woff2]
[migtech.vn/fonts/font opensans/OpenSansSemiCondensed-BoldItalic.woff]
[migtech.vn/fonts/font opensans/OpenSansSemiCondensed-ExtraBold.woff2]
[migtech.vn/fonts/font opensans/OpenSansSemiCondensed-ExtraBold.woff]
[migtech.vn/fonts/font opensans/OpenSansSemiCondensed-ExtraBoldItalic.woff2]
[migtech.vn/fonts/font opensans/OpenSansSemiCondensed-ExtraBoldItalic.woff]
[migtech.vn/fonts/font opensans/OpenSansSemiCondensed-Italic.woff2]
[migtech.vn/fonts/font opensans/OpenSansSemiCondensed-Italic.woff]
[migtech.vn/fonts/font opensans/OpenSansSemiCondensed-Light.woff2]
[migtech.vn/fonts/font opensans/OpenSansSemiCondensed-Light.woff]
[migtech.vn/fonts/font opensans/OpenSansSemiCondensed-LightItalic.woff2]
[migtech.vn/fonts/font opensans/OpenSansSemiCondensed-LightItalic.woff]
[migtech.vn/fonts/font opensans/OpenSansSemiCondensed-Medium.woff2]
[migtech.vn/fonts/font opensans/OpenSansSemiCondensed-Medium.woff]
[migtech.vn/fonts/font opensans/OpenSansSemiCondensed-MediumItalic.woff2]
[migtech.vn/fonts/font opensans/OpenSansSemiCondensed-MediumItalic.woff]
[migtech.vn/fonts/font opensans/OpenSansSemiCondensed-Regular.woff2]
[migtech.vn/fonts/font opensans/OpenSansSemiCondensed-Regular.woff]
[migtech.vn/fonts/font opensans/OpenSansSemiCondensed-SemiBold.woff2]
[migtech.vn/fonts/font opensans/OpenSansSemiCondensed-SemiBold.woff]
[migtech.vn/fonts/font opensans/OpenSansSemiCondensed-SemiBoldItalic.woff2]
[migtech.vn/fonts/font opensans/OpenSansSemiCondensed-SemiBoldItalic.woff]
[migtech.vn/fonts/font opensans/OpenSans-Bold.woff2]
[migtech.vn/fonts/font opensans/OpenSans-Bold.woff]
[migtech.vn/fonts/font opensans/OpenSans-BoldItalic.woff2]
[migtech.vn/fonts/font opensans/OpenSans-BoldItalic.woff]
[migtech.vn/fonts/font opensans/OpenSans-ExtraBold.woff2]
[migtech.vn/fonts/font opensans/OpenSans-ExtraBold.woff]
[migtech.vn/fonts/font opensans/OpenSans-ExtraBoldItalic.woff2]
[migtech.vn/fonts/font opensans/OpenSans-ExtraBoldItalic.woff]
[migtech.vn/fonts/font opensans/OpenSans-Italic.woff2]
[migtech.vn/fonts/font opensans/OpenSans-Italic.woff]
[migtech.vn/fonts/font opensans/OpenSans-Light.woff2]
[migtech.vn/fonts/font opensans/OpenSans-Light.woff]
[migtech.vn/fonts/font opensans/OpenSans-LightItalic.woff2]
[migtech.vn/fonts/font opensans/OpenSans-LightItalic.woff]
[migtech.vn/fonts/font opensans/OpenSans-Medium.woff2]
[migtech.vn/fonts/font opensans/OpenSans-Medium.woff]
[migtech.vn/fonts/font opensans/OpenSans-MediumItalic.woff2]
[migtech.vn/fonts/font opensans/OpenSans-MediumItalic.woff]
[migtech.vn/fonts/font opensans/OpenSans-Regular.woff2]
[migtech.vn/fonts/font opensans/OpenSans-Regular.woff]
[migtech.vn/fonts/font opensans/OpenSans-SemiBold.woff2]
[migtech.vn/fonts/font opensans/OpenSans-SemiBold.woff]
[migtech.vn/fonts/font opensans/OpenSans-SemiBoldItalic.woff2]
[migtech.vn/fonts/font opensans/stylesheet.css]
[migtech.vn/fonts/font opensans/OpenSans-SemiBoldItalic.woff]
[migtech.vn/fonts/popin-viethoa/FzPoppins-BlackItalic.woff2]
[migtech.vn/fonts/popin-viethoa/FzPoppins-BlackItalic.woff]
[migtech.vn/fonts/popin-viethoa/FzPoppins-Black.woff2]
[migtech.vn/fonts/popin-viethoa/FzPoppins-Black.woff]
[migtech.vn/fonts/popin-viethoa/FzPoppins-Bold.woff2]
[migtech.vn/fonts/popin-viethoa/FzPoppins-Bold.woff]
[migtech.vn/fonts/popin-viethoa/FzPoppins-BoldItalic.woff2]
[migtech.vn/fonts/popin-viethoa/FzPoppins-BoldItalic.woff]
[migtech.vn/fonts/popin-viethoa/FzPoppins-ExtraBold.woff2]
[migtech.vn/fonts/popin-viethoa/FzPoppins-ExtraBold.woff]
[migtech.vn/fonts/popin-viethoa/FzPoppins-ExtraLight.woff2]
[migtech.vn/fonts/popin-viethoa/FzPoppins-ExtraLight.woff]
[migtech.vn/fonts/popin-viethoa/FzPoppins-ExtraBoldItalic.woff2]
[migtech.vn/fonts/popin-viethoa/FzPoppins-ExtraBoldItalic.woff]
[migtech.vn/fonts/popin-viethoa/FzPoppins-Light.woff2]
[migtech.vn/fonts/popin-viethoa/FzPoppins-Light.woff]
[migtech.vn/fonts/popin-viethoa/FzPoppins-Italic.woff2]
[migtech.vn/fonts/popin-viethoa/FzPoppins-Italic.woff]
[migtech.vn/fonts/popin-viethoa/FzPoppins-ExtraLightItalic.woff2]
[migtech.vn/fonts/popin-viethoa/FzPoppins-ExtraLightItalic.woff]
[migtech.vn/fonts/popin-viethoa/FzPoppins-Medium.woff2]
[migtech.vn/fonts/popin-viethoa/FzPoppins-Medium.woff]
[migtech.vn/fonts/popin-viethoa/FzPoppins-MediumItalic.woff2]
[migtech.vn/fonts/popin-viethoa/FzPoppins-MediumItalic.woff]
[migtech.vn/fonts/popin-viethoa/FzPoppins-LightItalic.woff2]
[migtech.vn/fonts/popin-viethoa/FzPoppins-LightItalic.woff]
[migtech.vn/fonts/popin-viethoa/FzPoppins-Regular.woff2]
[migtech.vn/fonts/popin-viethoa/FzPoppins-Regular.woff]
[migtech.vn/fonts/popin-viethoa/FzPoppins-SemiBold.woff2]
[migtech.vn/fonts/popin-viethoa/FzPoppins-SemiBold.woff]
[migtech.vn/fonts/popin-viethoa/FzPoppins-ThinItalic.woff2]
[migtech.vn/fonts/popin-viethoa/FzPoppins-ThinItalic.woff]
[migtech.vn/fonts/popin-viethoa/FzPoppins-Thin.woff2]
[migtech.vn/fonts/popin-viethoa/FzPoppins-Thin.woff]
[migtech.vn/fonts/popin-viethoa/FzPoppins-SemiBoldItalic.woff2]
[migtech.vn/fonts/popin-viethoa/FzPoppins-SemiBoldItalic.woff]
[migtech.vn/fonts/popin-viethoa/stylesheet.css]
[migtech.vn/fonts/IBM_plex_sans/IBMPlexSansCondensed-BoldItalic.woff2]
[migtech.vn/fonts/IBM_plex_sans/IBMPlexSansCondensed-BoldItalic.woff]
[migtech.vn/fonts/IBM_plex_sans/IBMPlexSansCondensed-ExtraLight.woff2]
[migtech.vn/fonts/IBM_plex_sans/IBMPlexSansCondensed-ExtraLight.woff]
[migtech.vn/fonts/IBM_plex_sans/IBMPlexSansCondensed-ExtraLightItalic.woff2]
[migtech.vn/fonts/IBM_plex_sans/IBMPlexSansCondensed-ExtraLightItalic.woff]
[migtech.vn/fonts/IBM_plex_sans/IBMPlexSansCondensed-Italic.woff2]
[migtech.vn/fonts/IBM_plex_sans/IBMPlexSansCondensed-Italic.woff]
[migtech.vn/fonts/IBM_plex_sans/IBMPlexSansCondensed-Bold.woff2]
[migtech.vn/fonts/IBM_plex_sans/IBMPlexSansCondensed-Bold.woff]
[migtech.vn/fonts/IBM_plex_sans/IBMPlexSansCondensed-Light.woff2]
[migtech.vn/fonts/IBM_plex_sans/IBMPlexSansCondensed-Light.woff]
[migtech.vn/fonts/IBM_plex_sans/IBMPlexSansCondensed-SemiBoldItalic.woff2]
[migtech.vn/fonts/IBM_plex_sans/IBMPlexSansCondensed-SemiBoldItalic.woff]
[migtech.vn/fonts/IBM_plex_sans/IBMPlexSansCondensed-Regular.woff2]
[migtech.vn/fonts/IBM_plex_sans/IBMPlexSansCondensed-Regular.woff]
[migtech.vn/fonts/IBM_plex_sans/IBMPlexSansCondensed-MediumItalic.woff2]
[migtech.vn/fonts/IBM_plex_sans/IBMPlexSansCondensed-MediumItalic.woff]
[migtech.vn/fonts/IBM_plex_sans/IBMPlexSansCondensed-Medium.woff2]
[migtech.vn/fonts/IBM_plex_sans/IBMPlexSansCondensed-Medium.woff]
[migtech.vn/fonts/IBM_plex_sans/IBMPlexSansCondensed-LightItalic.woff2]
[migtech.vn/fonts/IBM_plex_sans/IBMPlexSansCondensed-LightItalic.woff]
[migtech.vn/fonts/IBM_plex_sans/IBMPlexSansCondensed-SemiBold.woff2]
[migtech.vn/fonts/IBM_plex_sans/IBMPlexSansCondensed-SemiBold.woff]
[migtech.vn/fonts/IBM_plex_sans/IBMPlexSansSemiCondensed-BoldItalic.woff2]
[migtech.vn/fonts/IBM_plex_sans/IBMPlexSansSemiCondensed-BoldItalic.woff]
[migtech.vn/fonts/IBM_plex_sans/IBMPlexSansCondensed-Thin.woff2]
[migtech.vn/fonts/IBM_plex_sans/IBMPlexSansCondensed-Thin.woff]
[migtech.vn/fonts/IBM_plex_sans/IBMPlexSansSemiCondensed-ExtraLight.woff2]
[migtech.vn/fonts/IBM_plex_sans/IBMPlexSansSemiCondensed-ExtraLight.woff]
[migtech.vn/fonts/IBM_plex_sans/IBMPlexSansSemiCondensed-Italic.woff2]
[migtech.vn/fonts/IBM_plex_sans/IBMPlexSansSemiCondensed-Italic.woff]
[migtech.vn/fonts/IBM_plex_sans/IBMPlexSansCondensed-ThinItalic.woff2]
[migtech.vn/fonts/IBM_plex_sans/IBMPlexSansCondensed-ThinItalic.woff]
[migtech.vn/fonts/IBM_plex_sans/IBMPlexSansSemiCondensed-Bold.woff2]
[migtech.vn/fonts/IBM_plex_sans/IBMPlexSansSemiCondensed-Bold.woff]
[migtech.vn/fonts/IBM_plex_sans/IBMPlexSansSemiCondensed-ExtraLightItalic.woff2]
[migtech.vn/fonts/IBM_plex_sans/IBMPlexSansSemiCondensed-ExtraLightItalic.woff]
[migtech.vn/fonts/IBM_plex_sans/IBMPlexSansSemiCondensed-Medium.woff2]
[migtech.vn/fonts/IBM_plex_sans/IBMPlexSansSemiCondensed-Medium.woff]
[migtech.vn/fonts/IBM_plex_sans/IBMPlexSansSemiCondensed-Light.woff2]
[migtech.vn/fonts/IBM_plex_sans/IBMPlexSansSemiCondensed-Light.woff]
[migtech.vn/fonts/IBM_plex_sans/IBMPlexSansSemiCondensed-Regular.woff2]
[migtech.vn/fonts/IBM_plex_sans/IBMPlexSansSemiCondensed-Regular.woff]
[migtech.vn/fonts/IBM_plex_sans/IBMPlexSansSemiCondensed-SemiBoldItalic.woff2]
[migtech.vn/fonts/IBM_plex_sans/IBMPlexSansSemiCondensed-SemiBoldItalic.woff]
[migtech.vn/fonts/IBM_plex_sans/IBMPlexSansSemiCondensed-MediumItalic.woff2]
[migtech.vn/fonts/IBM_plex_sans/IBMPlexSansSemiCondensed-MediumItalic.woff]
[migtech.vn/fonts/IBM_plex_sans/IBMPlexSansSemiCondensed-SemiBold.woff2]
[migtech.vn/fonts/IBM_plex_sans/IBMPlexSansSemiCondensed-SemiBold.woff]
[migtech.vn/fonts/IBM_plex_sans/IBMPlexSansSemiCondensed-LightItalic.woff2]
[migtech.vn/fonts/IBM_plex_sans/IBMPlexSansSemiCondensed-LightItalic.woff]
[migtech.vn/fonts/IBM_plex_sans/IBMPlexSans-Bold.woff2]
[migtech.vn/fonts/IBM_plex_sans/IBMPlexSans-Bold.woff]
[migtech.vn/fonts/IBM_plex_sans/IBMPlexSansSemiCondensed-ThinItalic.woff2]
[migtech.vn/fonts/IBM_plex_sans/IBMPlexSansSemiCondensed-ThinItalic.woff]
[migtech.vn/fonts/IBM_plex_sans/IBMPlexSans-BoldItalic.woff2]
[migtech.vn/fonts/IBM_plex_sans/IBMPlexSans-BoldItalic.woff]
[migtech.vn/fonts/IBM_plex_sans/IBMPlexSansSemiCondensed-Thin.woff2]
[migtech.vn/fonts/IBM_plex_sans/IBMPlexSansSemiCondensed-Thin.woff]
[migtech.vn/fonts/IBM_plex_sans/stylesheet.css]
[migtech.vn/css/main.css]
[migtech.vn/uploads/images/home-images/13bb4e47-01fe-43b1-b388-6c4b7ccfc6aa-gioi-thieu-cong-ty-migtech.jpg]
[migtech.vn/uploads/images/home-images/565cbdb3-5358-488f-a34f-287df71700a5-gioi-thieu-cong-ty-migtech-2.jpg]
[migtech.vn/uploads/images/home-images/a8396922-4c65-4027-8e4f-77fb9295e21d-gioi-thieu-cong-ty-migtech-3.jpg]
[migtech.vn/uploads/images/home-images/9d9659d7-1627-464d-98ec-3976a57abd9d-lease-migtech.jpg]
[migtech.vn/uploads/images/home-images/726aeab8-08da-409f-adae-cf95a9c870eb-gioi-thieu-cong-ty-migtech-4.jpg]
[migtech.vn/gioi-thieu.html]
[migtech.vn/script/shop/project.js]
[migtech.vn/du-an.html]
[migtech.vn/dich-vu/thi-cong-bao-tri-led]
[migtech.vn/du-an/index2679.html]
[migtech.vn/tin-tuc/cung-ung-thiet-bi.html]
[migtech.vn/tin-tuc/tat-ca-bai-viet.html]
[migtech.vn/script/shop/blog.js]
[migtech.vn/lien-he.html]
[migtech.vn/tin-tuc/tat-ca-bai-viet/index2679.html]
[migtech.vn/images/service/bao-tri-sac-meanwell.jpg]
[migtech.vn/dich-vu/sua-chua-thiet-bi.html]
[migtech.vn/script/shop/service.js]
[migtech.vn/images/service/thiet-ke-pcb-2.jpg]
[migtech.vn/dich-vu/thiet-ke-theo-yeu-cau.html]
[migtech.vn/dich-vu/cung-ung-thiet-bi.html]
[migtech.vn/images/girl.svg]
[migtech.vn/login.html]
[migtech.vn/tin-tuc/thi-cong-bao-tri-led.html]
[migtech.vn/tin-tuc/sua-chua-thiet-bi.html]
[migtech.vn/tin-tuc/thiet-ke-theo-yeu-cau.html]
[migtech.vn/tin-tuc/thiet-ke-theo-yeu-cau/index2679.html]
[migtech.vn/tin-tuc/sua-chua-thiet-bi/index2679.html]
[migtech.vn/tin-tuc/nhap-khau-thiet-bi.html]
[migtech.vn/tin-tuc/thi-cong-bao-tri-led/index2679.html]
[migtech.vn/tin-tuc/nhap-khau-thiet-bi/index2679.html]
[www.youtube.com/img/meh7.ef.delayed]
[www.youtube.com/s/player/9fc68080/player_embed_tcc.vflset/en_US/base.js]
[www.youtube.com/embed/iMHsJOcaCrs.html]
[www.youtube.com/embed/Qi-twft5vnY.html]
[migtech.vn/chinh-sach.html]
[scontent.fsgn8-3.fna.fbcdn.net/v/t39.30808-1/305210472_504525435012050_1019313897480527232_n042b.jpg]
[static.xx.fbcdn.net/rsrc.php/v5/yt/l/0,cross/LRPRd_WBOTdPwXprauQ7mwLc1ZawZ05wxfgQe914iiBfONMKn3YhINqU49pVNahkCkx3H75nbXbY-vx2I9b7Pb8K.css]
[static.xx.fbcdn.net/rsrc.php/v4/yw/r/ZaBj1CLc5J4.js]
[static.xx.fbcdn.net/rsrc.php/v4idP94/yd/l/en_GB-j/Qi0JGxjwxz7b3F5IOeHGaG_Jo9X1oopgx2Y8eZn4dyZTUAENvtw7QMc4V5wkD3ZtpPlROLxmn8O_PSg4rzCjBmRby8_8bf2fsb89f5OOy-5gC2DuwVDdF1djsBhRuYYy_sRtJukWSxxPo7ax4dHadDTM3s2]
[static.xx.fbcdn.net/rsrc.php/v4iYeD4/yG/l/en_GB-j/h_z270iY3MF.js]
[static.xx.fbcdn.net/rsrc.php/v4/yi/r/T-bhZogjK9q.js]
[static.xx.fbcdn.net/rsrc.php/v4iEMb4/y8/l/en_GB-j/UpoiZmPCqRiHjopGQ5wjhK5y-BamYIt_kQg6x2w4m6jW5pkCRXZ5-keijs3GFEeK05P0bxR1W9PaBfwR7EdOpFi508SSpJw1YqvheebMSi_jnqLONEg9K8UswAid1P4RtioEvuUAnTDS4POLCIZTg9jRopP]
[static.xx.fbcdn.net/rsrc.php/v4iLO44/y4/l/en_GB-j/7x57ZQVSsPizRyICTadTkw3HXz7cv3_DMeDGP-FY0upLAUogr3zVenMGnHMsaPOZmUQDfnvM3CI9JSW1rUuyM4W-3F5B_NWf-lqiMPswO3HwQBCY9NrX0EuQd59C7cWMRRVJ4QOF83k0Oawp7slycdlz0Oq]
[static.xx.fbcdn.net/rsrc.php/v4i7mS4/yq/l/en_GB-j/ZKe1F_tkTlO.js]
[static.xx.fbcdn.net/rsrc.php/v4iJVq4/yM/l/en_GB-j/DjQJuxl_5rl.js]
[static.xx.fbcdn.net/rsrc.php/v4iXkC4/yj/l/en_GB-j/R0dI866uhDc.js]
[scontent.fsgn8-4.fna.fbcdn.net/v/t39.30808-6/481900805_1196168215847765_3561834863174586035_n8183.jpg]
[scontent.fsgn8-4.fna.fbcdn.net/v/t39.30808-6/481900805_1196168215847765_3561834863174586035_n4ebf.jpg]
[static.xx.fbcdn.net/rsrc.php/v4il_N4/yb/l/en_GB-j/zey9e86dkqh.js]
[static.xx.fbcdn.net/rsrc.php/v4imYA4/yb/l/en_GB-j/4SZiS7wQLflA2NkF3u_-bC_tX4BNK-edKZ4LFRiuVCtccrYBNEICpO43ENrMnatWky7_11OBvOA1vI-oJJpCBh67nPOHCn9CDaW.js]
[static.xx.fbcdn.net/rsrc.php/v4/yV/r/MFP6TehVmLE.js]
[scontent.fsgn8-3.fna.fbcdn.net/v/t39.30808-1/305210472_504525435012050_1019313897480527232_n758a.jpg]
[scontent.fsgn8-3.fna.fbcdn.net/v/t39.30808-1/500031663_122130987986643359_2941641447382522015_n6a25.jpg]
[scontent.fsgn8-3.fna.fbcdn.net/v/t39.30808-6/472266539_122111493332643359_1011551772259507963_nc676.jpg]
[static.xx.fbcdn.net/rsrc.php/v4i_XC4/yB/l/en_GB-j/Y5KoBKsK4K-.js]
[static.xx.fbcdn.net/rsrc.php/v4/y2/r/18l5qk66c0m.js]
[static.xx.fbcdn.net/rsrc.php/v4i7lh4/yM/l/en_GB-j/upts9M6LM5LEwMiVHby3oLOXF7VDhk1T17MHTBvEOWJqqf5ufaNO4MWfMyk3bDU2X4p4ZS-PaGFoD3GCptOxRiZqNEvbyZWZSiMuB0Se-AKu01fM7iMIVyxcpLeBOYpppTdBs0Dtf5DXfzwiLEU9BzKCLDr]
[scontent.fsgn8-3.fna.fbcdn.net/v/t39.30808-1/305210472_504525435012050_1019313897480527232_nbcfb.jpg]
[scontent.fsgn8-4.fna.fbcdn.net/v/t39.30808-6/481900805_1196168215847765_3561834863174586035_n6391.jpg]
[scontent.fsgn8-4.fna.fbcdn.net/v/t39.30808-6/470214378_1613480489596030_9024968858142481484_ne68d.jpg]
[scontent.fsgn8-3.fna.fbcdn.net/v/t39.30808-6/470227352_1613480649596014_9085218671591130428_nad61.jpg]
[scontent.fsgn8-4.fna.fbcdn.net/v/t39.30808-6/470219071_1613480479596031_7174735536792424450_n6a46.jpg]
[scontent.fsgn8-4.fna.fbcdn.net/v/t39.30808-6/484536131_1205958231535430_7507618309750444020_n1305.jpg]
[scontent.fsgn8-4.fna.fbcdn.net/v/t39.30808-6/481291513_1205958364868750_6889205310496286841_n52be.jpg]
[scontent.fsgn8-3.fna.fbcdn.net/v/t39.30808-6/484080784_1205958134868773_2399078074082810261_n7037.jpg]
[scontent.fsgn8-4.fna.fbcdn.net/v/t39.30808-6/470233874_1613472456263500_8149350261313790011_nf558.jpg]
[www.facebook.com/migtech.vn/index.html]
[www.facebook.com/plugins/pagef5a8.html]
[static.xx.fbcdn.net/rsrc.php/v5/yP/l/0,cross/U04no74Nb9s.css]
[static.xx.fbcdn.net/rsrc.php/v4/yv/r/EGT_OYHpvIz.js]
[static.xx.fbcdn.net/rsrc.php/v4/yz/r/NjRi2vN-9Qk.js]
[static.xx.fbcdn.net/rsrc.php/v4i7M54/yJ/l/en_GB-j/ZSAm2KyddJ2.js]
[static.xx.fbcdn.net/rsrc.php/v4issO4/yX/l/en_GB-j/BKFOyckCk_a.js]
[static.xx.fbcdn.net/rsrc.php/v4/y_/r/PjIk-gaV6x2.js]
[static.xx.fbcdn.net/rsrc.php/v4/yt/r/e0qnL2dG90H.js]
[scontent.fsgn8-3.fna.fbcdn.net/v/t39.30808-1/305210472_504525435012050_1019313897480527232_n3195.jpg]
[www.facebook.com/plugins/pagee236.html]
[stc-zlogin.zdn.vn/images/meta_background.png]
[stc-zlogin.zdn.vn/images/favicon.png]
[www.google.com/recaptcha/enterprisead7c.js]
[www.google-analytics.com/analytics.js]
[www.google.com/recaptcha/api19b1.js]
[zalo-captcha.zdn.vn/sdk/zcaptcha-sdk-1.0.1.js]
[stc-zlogin.zdn.vn/js/sentry.min.js]
[stc-zlogin.zdn.vn/main-5.6.1.js]
[id.zalo.me/account/login39e4.html]
[migtech.vn/du-an/index2679.html]
[migtech.vn/images/service/anh-thi-cong-sua-chua-den-tai-landmark-81.jpg]
[migtech.vn/dich-vu/thi-cong-bao-tri-led]
[migtech.vn/tin-tuc/cung-ung-thiet-bi.html]
[migtech.vn/tin-tuc/tat-ca-bai-viet/index2679.html]
[migtech.vn/images/girl.svg]
[migtech.vn/tin-tuc/thi-cong-bao-tri-led/index2679.html]
[migtech.vn/tin-tuc/sua-chua-thiet-bi/index2679.html]
[migtech.vn/tin-tuc/thiet-ke-theo-yeu-cau/index2679.html]
[migtech.vn/tin-tuc/nhap-khau-thiet-bi/index2679.html]
[www.youtube.com/s/player/9fc68080/www-player.css]
[www.youtube.com/img/meh7.html]
[migtech.vn/tin-tuc/cung-ung-thiet-bi/index2679.html]
[migtech.vn/chinh-sach/index2679.html]
[static.xx.fbcdn.net/rsrc.php/v4/yS/r/KL3NDZmvLRl.png]
[static.xx.fbcdn.net/rsrc.php/v4/y2/r/sO9T86MEgel.png]
[static.xx.fbcdn.net/rsrc.php/v4/y2/r/WZKeoNgqy5p.png]
[static.xx.fbcdn.net/rsrc.php/v4/yf/r/MFo68w9J1ro.png]
[static.xx.fbcdn.net/rsrc.php/v4/yF/r/jkduT82jifw.png]
[static.xx.fbcdn.net/rsrc.php/v4/yn/r/UGjcMjdT8MH.png]
[static.xx.fbcdn.net/rsrc.php/v4/yK/r/LwS2swnigJE.png]
[static.xx.fbcdn.net/rsrc.php/v4/yM/r/EjrwCu92I94.gif]
[static.xx.fbcdn.net/rsrc.php/v4/y0/r/nFGvEmXcoSt.png]
[static.xx.fbcdn.net/rsrc.php/v4/yb/r/pAmBgYdHTlL.png]
[static.xx.fbcdn.net/rsrc.php/v4/yo/r/5V-fXSbvPyM.png]
[static.xx.fbcdn.net/rsrc.php/v4/yA/r/7IIzBKVPWFS.png]
[static.xx.fbcdn.net/rsrc.php/v4/yY/r/mMDBT3cY_df.png]
[static.xx.fbcdn.net/rsrc.php/v4/yQ/r/tq02rf2DZWZ.png]
[static.xx.fbcdn.net/rsrc.php/v4/yl/r/D81W4GEFUpY.png]
[static.xx.fbcdn.net/rsrc.php/v4/yx/r/ssVMSDV5pWu.png]
[static.xx.fbcdn.net/rsrc.php/v4/yP/r/9NgyF_R7b4t.png]
[static.xx.fbcdn.net/rsrc.php/v4/yI/r/m9q7iRWgK9h.png]
[static.xx.fbcdn.net/rsrc.php/v4/yA/r/BQ9c7uW3Wxj.png]
[static.xx.fbcdn.net/rsrc.php/v4/yY/r/NMKMCSLC1lF.png]
[static.xx.fbcdn.net/rsrc.php/v4/yB/r/xwZ-58W7La1.png]
[static.xx.fbcdn.net/rsrc.php/v4/y3/r/ynt3uv3S7zb.png]
[static.xx.fbcdn.net/rsrc.php/v5/yt/l/0,cross/LRPRd_WBOTdPwXprauQ7mwLc1ZawZ05wxfgQe914iiBfONMKn3YhINqU49pVNahkCkx3H75nbXbY-vx2I9b7Pb8K.css]
[static.xx.fbcdn.net/rsrc.php/v4/yw/r/ZaBj1CLc5J4.js]
[static.xx.fbcdn.net/rsrc.php/v4idP94/yd/l/en_GB-j/Qi0JGxjwxz7b3F5IOeHGaG_Jo9X1oopgx2Y8eZn4dyZTUAENvtw7QMc4V5wkD3ZtpPlROLxmn8O_PSg4rzCjBmRby8_8bf2fsb89f5OOy-5gC2DuwVDdF1djsBhRuYYy_sRtJukWSxxPo7ax4dHadDTM3s2]
[www.facebook.com/images/profile/picture/silhouette/profile-default_180_light.png]
[scontent.xx.fbcdn.net/hads-ak-prn2/1487645_6012475414660_1439393861_n.png]
[static.xx.fbcdn.net/rsrc.php/v4iLO44/y4/l/en_GB-j/7x57ZQVSsPizRyICTadTkw3HXz7cv3_DMeDGP-FY0upLAUogr3zVenMGnHMsaPOZmUQDfnvM3CI9JSW1rUuyM4W-3F5B_NWf-lqiMPswO3HwQBCY9NrX0EuQd59C7cWMRRVJ4QOF83k0Oawp7slycdlz0Oq]
[static.xx.fbcdn.net/rsrc.php/v4iYeD4/yG/l/en_GB-j/h_z270iY3MF.js]
[static.xx.fbcdn.net/rsrc.php/v4iEMb4/y8/l/en_GB-j/UpoiZmPCqRiHjopGQ5wjhK5y-BamYIt_kQg6x2w4m6jW5pkCRXZ5-keijs3GFEeK05P0bxR1W9PaBfwR7EdOpFi508SSpJw1YqvheebMSi_jnqLONEg9K8UswAid1P4RtioEvuUAnTDS4POLCIZTg9jRopP]
[static.xx.fbcdn.net/rsrc.php/v4/yi/r/T-bhZogjK9q.js]
[static.xx.fbcdn.net/rsrc.php/v4i7mS4/yq/l/en_GB-j/ZKe1F_tkTlO.js]
[static.xx.fbcdn.net/rsrc.php/v4iJVq4/yM/l/en_GB-j/DjQJuxl_5rl.js]
[static.xx.fbcdn.net/rsrc.php/v4iXkC4/yj/l/en_GB-j/R0dI866uhDc.js]
[www.facebook.com/migtech.vn/theaustralian.com.html]
[www.facebook.com/migtech.vn/news.com.html]
[www.facebook.com/migtech.vn/kollosche.com.html]
[www.facebook.com/migtech.vn/awstrack.html]
[www.facebook.com/migtech.vn/yJoX12.html]
[www.facebook.com/migtech.vn/37aIUf.html]
[www.facebook.com/migtech.vn/U+OYBr.html]
[www.facebook.com/migtech.vn/aN4Lw8.html]
[www.facebook.com/migtech.vn/GG03UK.html]
[www.facebook.com/migtech.vn/YfajRO.html]
[static.xx.fbcdn.net/rsrc.php/v4il_N4/yb/l/en_GB-j/zey9e86dkqh.js]
[static.xx.fbcdn.net/rsrc.php/v4imYA4/yb/l/en_GB-j/4SZiS7wQLflA2NkF3u_-bC_tX4BNK-edKZ4LFRiuVCtccrYBNEICpO43ENrMnatWky7_11OBvOA1vI-oJJpCBh67nPOHCn9CDaW.js]
[static.xx.fbcdn.net/rsrc.php/v4/yV/r/MFP6TehVmLE.js]
[www.facebook.com/migtech.vn/TVdat6.html]
[static.xx.fbcdn.net/rsrc.php/v4i_XC4/yB/l/en_GB-j/Y5KoBKsK4K-.js]
[static.xx.fbcdn.net/rsrc.php/v4i7lh4/yM/l/en_GB-j/upts9M6LM5LEwMiVHby3oLOXF7VDhk1T17MHTBvEOWJqqf5ufaNO4MWfMyk3bDU2X4p4ZS-PaGFoD3GCptOxRiZqNEvbyZWZSiMuB0Se-AKu01fM7iMIVyxcpLeBOYpppTdBs0Dtf5DXfzwiLEU9BzKCLDr]
[static.xx.fbcdn.net/rsrc.php/v4/y2/r/18l5qk66c0m.js]
[www.facebook.com/migtech.vn/Zw276C.html]
[www.facebook.com/migtech.vn/8IEqXG.html]
[www.facebook.com/migtech.vn/4cjm5X.html]
[www.facebook.com/migtech.vn/Sl2mOF.html]
[www.facebook.com/migtech.vn/VPNbRL.html]
[www.facebook.com/migtech.vn/lQLYdI.html]
[www.facebook.com/migtech.vn/K2H8LH.html]
[www.facebook.com/migtech.vn/KGnTBb.html]
[scontent.fsgn8-3.fna.fbcdn.net/v/t39.30808-1/305210472_504525435012050_1019313897480527232_n6ed4.jpg]
[www.facebook.com/plugins/pagef5a8.html]
[static.xx.fbcdn.net/rsrc.php/v4/yk/r/KohJQTU4i_E.png]
[static.xx.fbcdn.net/rsrc.php/v4/yR/r/89U7jk2uMkx.png]
[static.xx.fbcdn.net/rsrc.php/v4/yt/r/UPw3RAV2r8i.png]
[static.xx.fbcdn.net/rsrc.php/v4/yK/r/4OiFAeQ6JbP.png]
[static.xx.fbcdn.net/rsrc.php/v4/yV/r/uISB7yMmiLR.png]
[static.xx.fbcdn.net/rsrc.php/v4/y-/r/AGUNXgX_Wx3.gif]
[static.xx.fbcdn.net/rsrc.php/v4/yG/r/b53Ajb4ihCP.gif]
[static.xx.fbcdn.net/rsrc.php/v5/yP/l/0,cross/U04no74Nb9s.css]
[static.xx.fbcdn.net/rsrc.php/v4/yv/r/EGT_OYHpvIz.js]
[static.xx.fbcdn.net/rsrc.php/v4/yz/r/NjRi2vN-9Qk.js]
[static.xx.fbcdn.net/rsrc.php/v4i7M54/yJ/l/en_GB-j/ZSAm2KyddJ2.js]
[static.xx.fbcdn.net/rsrc.php/v4issO4/yX/l/en_GB-j/BKFOyckCk_a.js]
[static.xx.fbcdn.net/rsrc.php/v4/y_/r/PjIk-gaV6x2.js]
[static.xx.fbcdn.net/rsrc.php/v4/yt/r/e0qnL2dG90H.js]
[stc-zlogin.zdn.vn/images/flags.png]
[stc-zlogin.zdn.vn/main-5.6.1.css]
[migtech.vn/tin-tuc/cung-ung-thiet-bi/index2679.html]
[migtech.vn/chinh-sach/index2679.html]
[www.facebook.com/migtech.vn/Firefox/index.html]
[www.facebook.com/migtech.vn/Edg/index.html]
[www.facebook.com/migtech.vn/Chrome/index.html]
[www.facebook.com/migtech.vn/CriOS/index.html]
[www.facebook.com/migtech.vn/Safari/index.html]
[www.facebook.com/migtech.vn/Version/index.html]
[www.facebook.com/migtech.vn/chrome-extension_/index.html]
[www.facebook.com/migtech.vn/^([^_/indexd41d.html]
[www.facebook.com/migtech.vn/GET.html]
[www.facebook.com/migtech.vn/t.html]
[www.facebook.com/migtech.vn/renderer/svg-tag.html]
[www.facebook.com/migtech.vn/ABCDEFGHIJKLMNOPQRSTUVWXYZabcdefghijklmnopqrstuvwxyz0123456789+/index.html]
[www.facebook.com/migtech.vn/$&/index.html]
[www.facebook.com/migtech.vn/(function(.html]
[www.facebook.com/migtech.vn/c.html]
[www.facebook.com/migtech.vn/t,d.href__c.html]
[www.facebook.com/migtech.vn/Range %s cannot have subrange since root name does not start with/index.html]
[www.facebook.com/migtech.vn/e.html]
[www.facebook.com/migtech.vn/t-2.html]
[www.facebook.com/migtech.vn/Chromium/index.html]
[www.facebook.com/migtech.vn/FxiOS/index.html]
[www.facebook.com/migtech.vn/EdgiOS/index.html]
[www.facebook.com/migtech.vn/HEAD.html]
[www.facebook.com/migtech.vn/rsrc-translations.html]
[www.facebook.com/migtech.vn/l/index.html]
[www.facebook.com/migtech.vn/meta.html]
[www.facebook.com/migtech.vn/[/index.html]
[www.facebook.com/migtech.vn/facebook.com/l076c.html]
[www.facebook.com/migtech.vn/u.html]
[www.facebook.com/migtech.vn/x(e.html]
[www.facebook.com/plugins/Firefox/index.html]
[www.facebook.com/plugins/Edg/index.html]
[www.facebook.com/plugins/Chrome/index.html]
[www.facebook.com/plugins/CriOS/index.html]
[www.facebook.com/plugins/Safari/index.html]
[www.facebook.com/plugins/Version/index.html]
[www.facebook.com/plugins/chrome-extension_/index.html]
[www.facebook.com/plugins/^([^_/indexd41d.html]
[www.facebook.com/plugins/GET.html]
[www.facebook.com/plugins/Style.html]
